VCD info: dumpfile wave.vcd opened for output.
button=0 press=x level=x
button=0 press=0 level=0
button=0 press=0 level=0
button=0 press=0 level=0
button=0 press=0 level=0
button=0 press=0 level=0
button=0 press=0 level=0
button=0 press=0 level=0
button=0 press=0 level=0
button=0 press=0 level=0
button=0 press=0 level=0
button=0 press=0 level=0
button=0 press=0 level=0
button=1 press=0 level=0
button=1 press=0 level=0
button=1 press=0 level=0
button=1 press=0 level=0
button=1 press=1 level=0
button=1 press=0 level=1
button=0 press=0 level=1
button=0 press=0 level=1
button=0 press=0 level=1
button=0 press=0 level=1
button=0 press=0 level=1
button=0 press=0 level=1
button=1 press=0 level=1
button=1 press=0 level=1
button=1 press=0 level=1
button=1 press=1 level=1
button=1 press=0 level=2
button=1 press=0 level=2
button=0 press=0 level=2
button=0 press=0 level=2
button=0 press=0 level=2
button=0 press=0 level=2
button=0 press=0 level=2
button=0 press=0 level=2
button=1 press=0 level=2
button=1 press=0 level=2
button=1 press=0 level=2
button=1 press=1 level=2
button=1 press=0 level=3
button=1 press=0 level=3
button=0 press=0 level=3
button=0 press=0 level=3
button=0 press=0 level=3
button=0 press=0 level=3
button=0 press=0 level=3
button=0 press=0 level=3
button=0 press=0 level=3
button=0 press=0 level=3
button=0 press=0 level=3
button=0 press=0 level=3
button=0 press=0 level=3
button=0 press=0 level=3
button=0 press=0 level=3
button=0 press=0 level=3
button=0 press=0 level=3
button=0 press=0 level=3
button=0 press=0 level=3
button=0 press=0 level=3
button=0 press=0 level=3
button=1 press=0 level=3
button=1 press=0 level=3
button=1 press=0 level=3
button=1 press=0 level=3
button=1 press=1 level=3
button=1 press=0 level=4
button=0 press=0 level=4
button=0 press=0 level=4
button=0 press=0 level=4
button=0 press=0 level=4
button=0 press=0 level=4
button=0 press=0 level=4
button=1 press=0 level=4
button=1 press=0 level=4
button=1 press=0 level=4
button=1 press=1 level=4
button=1 press=0 level=5
button=1 press=0 level=5
button=0 press=0 level=5
button=0 press=0 level=5
button=0 press=0 level=5
button=0 press=0 level=5
button=0 press=0 level=5
button=0 press=0 level=5
button=1 press=0 level=5
button=1 press=0 level=5
button=1 press=0 level=5
button=1 press=1 level=5
button=1 press=0 level=6
button=1 press=0 level=6
button=0 press=0 level=6
button=0 press=0 level=6
button=0 press=0 level=6
button=0 press=0 level=6
button=0 press=0 level=6
button=0 press=0 level=6
button=1 press=0 level=6
button=1 press=0 level=6
button=1 press=0 level=6
button=1 press=1 level=6
button=1 press=0 level=7
button=1 press=0 level=7
button=0 press=0 level=7
button=0 press=0 level=7
button=0 press=0 level=7
button=0 press=0 level=7
button=0 press=0 level=7
button=0 press=0 level=7
button=1 press=0 level=7
button=1 press=0 level=7
button=1 press=0 level=7
button=1 press=1 level=7
button=1 press=0 level=8
button=1 press=0 level=8
button=0 press=0 level=8
button=0 press=0 level=8
button=0 press=0 level=8
button=0 press=0 level=8
button=0 press=0 level=8
button=0 press=0 level=8
button=1 press=0 level=8
button=1 press=0 level=8
button=1 press=0 level=8
button=1 press=1 level=8
button=1 press=0 level=9
button=1 press=0 level=9
button=0 press=0 level=9
button=0 press=0 level=9
button=0 press=0 level=9
button=0 press=0 level=9
button=0 press=0 level=9
button=0 press=0 level=9
button=1 press=0 level=9
button=1 press=0 level=9
button=1 press=0 level=9
button=1 press=1 level=9
button=1 press=0 level=10
button=1 press=0 level=10
button=0 press=0 level=10
button=0 press=0 level=10
button=0 press=0 level=10
button=0 press=0 level=10
button=0 press=0 level=10
button=0 press=0 level=10
button=0 press=0 level=10
button=0 press=0 level=10
button=0 press=0 level=10
button=0 press=0 level=10
button=0 press=0 level=10
button=0 press=0 level=10
button=0 press=0 level=10
button=0 press=0 level=10
button=0 press=0 level=10
button=0 press=0 level=10
button=0 press=0 level=10
button=0 press=0 level=10
button=0 press=0 level=10
button=0 press=0 level=10
button=0 press=0 level=10
button=0 press=0 level=10
button=1 press=0 level=10
button=1 press=0 level=10
button=1 press=0 level=10
button=1 press=0 level=10
button=1 press=1 level=10
button=1 press=0 level=0
button=0 press=0 level=0
button=0 press=0 level=0
button=0 press=0 level=0
button=0 press=0 level=0
button=0 press=0 level=0
button=0 press=0 level=0
button=0 press=0 level=0
button=0 press=0 level=0
button=0 press=0 level=0
button=0 press=0 level=0
button=0 press=0 level=0
button=0 press=0 level=0
button=0 press=0 level=0
button=0 press=0 level=0
button=0 press=0 level=0
button=0 press=0 level=0
button=0 press=0 level=0
button=0 press=0 level=0
button=0 press=0 level=0
button=0 press=0 level=0
button=0 press=0 level=0
button=0 press=0 level=0
button=0 press=0 level=0
button=0 press=0 level=0
LAB3_LED_PWM_PASS checks=4
D:\VSCODE\lab3_19_led_pwm\sim\tb_led_pwm.sv:74: $finish called at 3831000 (1ps)
